
--- Login Attempt 2026-04-10T06:35:11.679Z ---
Raw loginField: "Admin"
Raw password: "123456"

--- Login Attempt 2026-04-10T06:48:00.967Z ---
Raw loginField: "Admin"
Raw password: "123456"
Found user in DB? true
Password match? true

--- Login Attempt 2026-06-17T03:21:20.827Z ---
Raw loginField: "Admin"
Raw password: "123456"
Found user in DB? true
Password match? true

--- Login Attempt 2026-06-17T06:13:49.185Z ---
Raw loginField: "Admin"
Raw password: "123456"
Found user in DB? true
Password match? true

--- Login Attempt 2026-07-19T12:01:41.929Z ---
Raw loginField: "Admin"
Raw password: "123456"
Found user in DB? true
Password match? true

--- Login Attempt 2026-07-19T13:24:39.915Z ---
Raw loginField: "Admin"
Raw password: "123456"
Found user in DB? true
Password match? true

--- Login Attempt 2026-07-19T13:48:01.875Z ---
Raw loginField: "Admin"
Raw password: "123456"
Found user in DB? true
Password match? true

--- Login Attempt 2026-08-10T07:30:17.862Z ---
Raw loginField: "Admin"
Raw password: "123456"
Found user in DB? true
Password match? true

--- Login Attempt 2026-08-10T07:38:28.574Z ---
Raw loginField: "Admin"
Raw password: "123456"
Found user in DB? true
Password match? true

--- Login Attempt 2026-08-10T07:39:07.828Z ---
Raw loginField: "User01"
Raw password: "123456"
Found user in DB? true
Password match? true

--- Login Attempt 2026-08-10T08:13:07.199Z ---
Raw loginField: "Admin"
Raw password: "123456"
Found user in DB? true
Password match? true

--- Login Attempt 2026-08-10T08:16:06.775Z ---
Raw loginField: "User01"
Raw password: "123456"
Found user in DB? true
Password match? true

--- Login Attempt 2026-08-10T08:17:09.000Z ---
Raw loginField: "Admin"
Raw password: "123456"
Found user in DB? true
Password match? true

--- Login Attempt 2026-08-10T08:19:46.618Z ---
Raw loginField: "User01"
Raw password: "123456"
Found user in DB? true
Password match? true

--- Login Attempt 2026-08-10T08:22:48.444Z ---
Raw loginField: "Admin"
Raw password: "123456"
Found user in DB? true
Password match? true

--- Login Attempt 2026-08-10T08:23:01.401Z ---
Raw loginField: "User01"
Raw password: "123456"
Found user in DB? true
Password match? true

--- Login Attempt 2026-08-10T08:47:07.182Z ---
Raw loginField: "Admin"
Raw password: "123456"
Found user in DB? true
Password match? true

--- Login Attempt 2026-08-10T08:51:27.937Z ---
Raw loginField: "User01"
Raw password: "123456"
Found user in DB? true
Password match? true

--- Login Attempt 2026-08-10T08:52:50.275Z ---
Raw loginField: "Admin"
Raw password: "123456"
Found user in DB? true
Password match? true
